###############################################################################
#                                                                             #
# IAR C/C++ Compiler V7.51A/W32 for 8051                08/Apr/2013  11:22:16 #
# Copyright 2004-2009 IAR Systems AB.                                         #
#                                                                             #
#    Core               =  plain                                              #
#    Code model         =  banked                                             #
#    Data model         =  large                                              #
#    Calling convention =  xdata reentrant                                    #
#    Constant location  =  data_rom                                           #
#    Dptr setup         =  1,16                                               #
#    Source file        =  C:\Texas Instruments\ZStack-CC2530-2.2.2-1.3.0\Com #
#                          ponents\osal\common\OSAL_Timers.c                  #
#    Command line       =  -f "C:\Texas Instruments\ZStack-CC2530-2.2.2-1.3.0 #
#                          \Projects\zstack\Samples\WSN_sensors\CC2530DB\..\. #
#                          .\..\Tools\CC2530DB\f8wRouter.cfg" (-DCPU32MHZ     #
#                          -DROOT=__near_func -DMAC_CFG_APP_PENDING_QUEUE=TRU #
#                          E -DRTR_NWK -DBLINK_LEDS) -f "C:\Texas             #
#                          Instruments\ZStack-CC2530-2.2.2-1.3.0\Projects\zst #
#                          ack\Samples\WSN_sensors\CC2530DB\..\..\..\Tools\CC #
#                          2530DB\f8wConfig.cfg" (-DSECURE=0                  #
#                          -DZG_SECURE_DYNAMIC=0 -DREFLECTOR                  #
#                          -DDEFAULT_CHANLIST=0x00000800                      #
#                          -DZDAPP_CONFIG_PAN_ID=0xFFFF                       #
#                          -DNWK_START_DELAY=100 -DEXTENDED_JOINING_RANDOM_MA #
#                          SK=0x007F -DBEACON_REQUEST_DELAY=100               #
#                          -DBEACON_REQ_DELAY_MASK=0x00FF                     #
#                          -DROUTE_EXPIRY_TIME=30 -DAPSC_ACK_WAIT_DURATION_PO #
#                          LLED=3000 -DNWK_INDIRECT_MSG_TIMEOUT=7             #
#                          -DMAX_RREQ_ENTRIES=8 -DAPSC_MAX_FRAME_RETRIES=3    #
#                          -DNWK_MAX_DATA_RETRIES=2                           #
#                          -DMAX_POLL_FAILURE_RETRIES=2 -DMAX_BCAST=9         #
#                          -DAPS_MAX_GROUPS=16 -DMAX_RTG_ENTRIES=40           #
#                          -DNWK_MAX_BINDING_ENTRIES=4                        #
#                          -DMAX_BINDING_CLUSTER_IDS=4 "-DDEFAULT_KEY={0x01,  #
#                          0x03, 0x05, 0x07, 0x09, 0x0B, 0x0D, 0x0F, 0x00,    #
#                          0x02, 0x04, 0x06, 0x08, 0x0A, 0x0C, 0x0D}"         #
#                          -DMAC_MAX_FRAME_SIZE=116 "-DCONST=const __code"    #
#                          -DGENERIC=__generic -DRFD_RCVC_ALWAYS_ON=FALSE     #
#                          -DPOLL_RATE=1000 -DQUEUED_POLL_RATE=100            #
#                          -DRESPONSE_POLL_RATE=100) -DREJOIN_POLL_RATE=440   #
#                          "C:\Texas Instruments\ZStack-CC2530-2.2.2-1.3.0\Co #
#                          mponents\osal\common\OSAL_Timers.c" -D ZTOOL_P1    #
#                          -D MT_TASK -D MT_SYS_FUNC -D MT_ZDO_FUNC -D        #
#                          LCD_SUPPORTED=DEBUG -lC "C:\Texas                  #
#                          Instruments\ZStack-CC2530-2.2.2-1.3.0\Projects\zst #
#                          ack\Samples\WSN_sensors\CC2530DB\RouterEB\List\"   #
#                          -lA "C:\Texas Instruments\ZStack-CC2530-2.2.2-1.3. #
#                          0\Projects\zstack\Samples\WSN_sensors\CC2530DB\Rou #
#                          terEB\List\" --diag_suppress Pe001,Pa010 -o        #
#                          "C:\Texas Instruments\ZStack-CC2530-2.2.2-1.3.0\Pr #
#                          ojects\zstack\Samples\WSN_sensors\CC2530DB\RouterE #
#                          B\Obj\" -e --require_prototypes --no_unroll        #
#                          --no_inline --no_tbaa --debug --core=plain         #
#                          --dptr=16,1 --data_model=large                     #
#                          --code_model=banked --calling_convention=xdata_ree #
#                          ntrant --place_constants=data_rom                  #
#                          --nr_virtual_regs 8 -I "C:\Texas                   #
#                          Instruments\ZStack-CC2530-2.2.2-1.3.0\Projects\zst #
#                          ack\Samples\WSN_sensors\CC2530DB\" -I "C:\Texas    #
#                          Instruments\ZStack-CC2530-2.2.2-1.3.0\Projects\zst #
#                          ack\Samples\WSN_sensors\CC2530DB\..\SOURCE\" -I    #
#                          "C:\Texas Instruments\ZStack-CC2530-2.2.2-1.3.0\Pr #
#                          ojects\zstack\Samples\WSN_sensors\CC2530DB\..\..\. #
#                          .\ZMAIN\TI2530DB\" -I "C:\Texas                    #
#                          Instruments\ZStack-CC2530-2.2.2-1.3.0\Projects\zst #
#                          ack\Samples\WSN_sensors\CC2530DB\..\..\..\..\..\CO #
#                          MPONENTS\MT\" -I "C:\Texas                         #
#                          Instruments\ZStack-CC2530-2.2.2-1.3.0\Projects\zst #
#                          ack\Samples\WSN_sensors\CC2530DB\..\..\..\..\..\CO #
#                          MPONENTS\HAL\INCLUDE\" -I "C:\Texas                #
#                          Instruments\ZStack-CC2530-2.2.2-1.3.0\Projects\zst #
#                          ack\Samples\WSN_sensors\CC2530DB\..\..\..\..\..\CO #
#                          MPONENTS\HAL\TARGET\CC2530EB\" -I "C:\Texas        #
#                          Instruments\ZStack-CC2530-2.2.2-1.3.0\Projects\zst #
#                          ack\Samples\WSN_sensors\CC2530DB\..\..\..\..\..\CO #
#                          MPONENTS\OSAL\MCU\CCSOC\" -I "C:\Texas             #
#                          Instruments\ZStack-CC2530-2.2.2-1.3.0\Projects\zst #
#                          ack\Samples\WSN_sensors\CC2530DB\..\..\..\..\..\CO #
#                          MPONENTS\OSAL\INCLUDE\" -I "C:\Texas               #
#                          Instruments\ZStack-CC2530-2.2.2-1.3.0\Projects\zst #
#                          ack\Samples\WSN_sensors\CC2530DB\..\..\..\..\..\CO #
#                          MPONENTS\STACK\AF\" -I "C:\Texas                   #
#                          Instruments\ZStack-CC2530-2.2.2-1.3.0\Projects\zst #
#                          ack\Samples\WSN_sensors\CC2530DB\..\..\..\..\..\CO #
#                          MPONENTS\STACK\NWK\" -I "C:\Texas                  #
#                          Instruments\ZStack-CC2530-2.2.2-1.3.0\Projects\zst #
#                          ack\Samples\WSN_sensors\CC2530DB\..\..\..\..\..\CO #
#                          MPONENTS\STACK\SEC\" -I "C:\Texas                  #
#                          Instruments\ZStack-CC2530-2.2.2-1.3.0\Projects\zst #
#                          ack\Samples\WSN_sensors\CC2530DB\..\..\..\..\..\CO #
#                          MPONENTS\STACK\SAPI\" -I "C:\Texas                 #
#                          Instruments\ZStack-CC2530-2.2.2-1.3.0\Projects\zst #
#                          ack\Samples\WSN_sensors\CC2530DB\..\..\..\..\..\CO #
#                          MPONENTS\STACK\SYS\" -I "C:\Texas                  #
#                          Instruments\ZStack-CC2530-2.2.2-1.3.0\Projects\zst #
#                          ack\Samples\WSN_sensors\CC2530DB\..\..\..\..\..\CO #
#                          MPONENTS\STACK\ZDO\" -I "C:\Texas                  #
#                          Instruments\ZStack-CC2530-2.2.2-1.3.0\Projects\zst #
#                          ack\Samples\WSN_sensors\CC2530DB\..\..\..\..\..\CO #
#                          MPONENTS\ZMAC\F8W\" -I "C:\Texas                   #
#                          Instruments\ZStack-CC2530-2.2.2-1.3.0\Projects\zst #
#                          ack\Samples\WSN_sensors\CC2530DB\..\..\..\..\..\CO #
#                          MPONENTS\ZMAC\" -I "C:\Texas                       #
#                          Instruments\ZStack-CC2530-2.2.2-1.3.0\Projects\zst #
#                          ack\Samples\WSN_sensors\CC2530DB\..\..\..\..\..\CO #
#                          MPONENTS\SERVICES\SADDR\" -I "C:\Texas             #
#                          Instruments\ZStack-CC2530-2.2.2-1.3.0\Projects\zst #
#                          ack\Samples\WSN_sensors\CC2530DB\..\..\..\..\..\CO #
#                          MPONENTS\SERVICES\SDATA\" -I "C:\Texas             #
#                          Instruments\ZStack-CC2530-2.2.2-1.3.0\Projects\zst #
#                          ack\Samples\WSN_sensors\CC2530DB\..\..\..\..\..\CO #
#                          MPONENTS\MAC\INCLUDE\" -I "C:\Texas                #
#                          Instruments\ZStack-CC2530-2.2.2-1.3.0\Projects\zst #
#                          ack\Samples\WSN_sensors\CC2530DB\..\..\..\..\..\CO #
#                          MPONENTS\MAC\HIGH_LEVEL\" -I "C:\Texas             #
#                          Instruments\ZStack-CC2530-2.2.2-1.3.0\Projects\zst #
#                          ack\Samples\WSN_sensors\CC2530DB\..\..\..\..\..\CO #
#                          MPONENTS\MAC\LOW_LEVEL\srf04\" -I "C:\Texas        #
#                          Instruments\ZStack-CC2530-2.2.2-1.3.0\Projects\zst #
#                          ack\Samples\WSN_sensors\CC2530DB\..\..\..\..\..\CO #
#                          MPONENTS\MAC\LOW_LEVEL\srf04\SINGLE_CHIP\" -I      #
#                          "D:\Program Files\IAR Systems\Embedded Workbench   #
#                          5.3\8051\INC\" -I "D:\Program Files\IAR            #
#                          Systems\Embedded Workbench 5.3\8051\INC\CLIB\" -Om #
#    List file          =  C:\Texas Instruments\ZStack-CC2530-2.2.2-1.3.0\Pro #
#                          jects\zstack\Samples\WSN_sensors\CC2530DB\RouterEB #
#                          \List\OSAL_Timers.lst                              #
#    Object file        =  C:\Texas Instruments\ZStack-CC2530-2.2.2-1.3.0\Pro #
#                          jects\zstack\Samples\WSN_sensors\CC2530DB\RouterEB #
#                          \Obj\OSAL_Timers.r51                               #
#                                                                             #
#                                                                             #
###############################################################################

C:\Texas Instruments\ZStack-CC2530-2.2.2-1.3.0\Components\osal\common\OSAL_Timers.c
      1          /**************************************************************************************************
      2            Filename:       OSAL_Timers.c
      3            Revised:        $Date: 2009-02-24 11:20:27 -0800 (Tue, 24 Feb 2009) $
      4            Revision:       $Revision: 19256 $
      5          
      6            Description:    OSAL Timer definition and manipulation functions.
      7          
      8          
      9            Copyright 2004-2009 Texas Instruments Incorporated. All rights reserved.
     10          
     11            IMPORTANT: Your use of this Software is limited to those specific rights
     12            granted under the terms of a software license agreement between the user
     13            who downloaded the software, his/her employer (which must be your employer)
     14            and Texas Instruments Incorporated (the "License").  You may not use this
     15            Software unless you agree to abide by the terms of the License. The License
     16            limits your use, and you acknowledge, that the Software may not be modified,
     17            copied or distributed unless embedded on a Texas Instruments microcontroller
     18            or used solely and exclusively in conjunction with a Texas Instruments radio
     19            frequency transceiver, which is integrated into your product.  Other than for
     20            the foregoing purpose, you may not use, reproduce, copy, prepare derivative
     21            works of, modify, distribute, perform, display or sell this Software and/or
     22            its documentation for any purpose.
     23          
     24            YOU FURTHER ACKNOWLEDGE AND AGREE THAT THE SOFTWARE AND DOCUMENTATION ARE
     25            PROVIDED “AS IS” WITHOUT WARRANTY OF ANY KIND, EITHER EXPRESS OR IMPLIED,
     26            INCLUDING WITHOUT LIMITATION, ANY WARRANTY OF MERCHANTABILITY, TITLE,
     27            NON-INFRINGEMENT AND FITNESS FOR A PARTICULAR PURPOSE. IN NO EVENT SHALL
     28            TEXAS INSTRUMENTS OR ITS LICENSORS BE LIABLE OR OBLIGATED UNDER CONTRACT,
     29            NEGLIGENCE, STRICT LIABILITY, CONTRIBUTION, BREACH OF WARRANTY, OR OTHER
     30            LEGAL EQUITABLE THEORY ANY DIRECT OR INDIRECT DAMAGES OR EXPENSES
     31            INCLUDING BUT NOT LIMITED TO ANY INCIDENTAL, SPECIAL, INDIRECT, PUNITIVE
     32            OR CONSEQUENTIAL DAMAGES, LOST PROFITS OR LOST DATA, COST OF PROCUREMENT
     33            OF SUBSTITUTE GOODS, TECHNOLOGY, SERVICES, OR ANY CLAIMS BY THIRD PARTIES
     34            (INCLUDING BUT NOT LIMITED TO ANY DEFENSE THEREOF), OR OTHER SIMILAR COSTS.
     35          
     36            Should you have any questions regarding your right to use this Software,
     37            contact Texas Instruments Incorporated at www.TI.com.
     38          **************************************************************************************************/
     39          
     40          /*********************************************************************
     41           * INCLUDES
     42           */
     43          
     44          #include "comdef.h"
     45          #include "OnBoard.h"

   \                                 In  segment SFR_AN, at 0xa8
   \   union <unnamed> volatile __sfr _A_IEN0
   \                     _A_IEN0:
   \   000000                DS 1
     46          #include "OSAL.h"
     47          #include "OSAL_Timers.h"
     48          #include "hal_timer.h"
     49          
     50          /*********************************************************************
     51           * MACROS
     52           */
     53          
     54          /*********************************************************************
     55           * CONSTANTS
     56           */
     57          
     58          /*********************************************************************
     59           * TYPEDEFS
     60           */
     61          
     62          typedef struct
     63          {
     64            void *next;
     65            uint16 timeout;
     66            uint16 event_flag;
     67            uint8 task_id;
     68          } osalTimerRec_t;
     69          
     70          /*********************************************************************
     71           * GLOBAL VARIABLES
     72           */
     73          

   \                                 In  segment XDATA_Z, align 1, keep-with-next
     74          osalTimerRec_t *timerHead;
   \                     timerHead:
   \   000000                DS 2
   \   000002                REQUIRE __INIT_XDATA_Z
     75          
     76          /*********************************************************************
     77           * EXTERNAL VARIABLES
     78           */
     79          
     80          /*********************************************************************
     81           * EXTERNAL FUNCTIONS
     82           */
     83          
     84          /*********************************************************************
     85           * LOCAL VARIABLES
     86           */
     87          // Milliseconds since last reboot

   \                                 In  segment XDATA_Z, align 1, keep-with-next
     88          static uint32 osal_systemClock;
   \                     osal_systemClock:
   \   000000                DS 4
   \   000004                REQUIRE __INIT_XDATA_Z
     89          
     90          /*********************************************************************
     91           * LOCAL FUNCTION PROTOTYPES
     92           */
     93          osalTimerRec_t  *osalAddTimer( uint8 task_id, uint16 event_flag, uint16 timeout );
     94          osalTimerRec_t *osalFindTimer( uint8 task_id, uint16 event_flag );
     95          void osalDeleteTimer( osalTimerRec_t *rmTimer );
     96          
     97          /*********************************************************************
     98           * FUNCTIONS
     99           *********************************************************************/
    100          
    101          /*********************************************************************
    102           * @fn      osalTimerInit
    103           *
    104           * @brief   Initialization for the OSAL Timer System.
    105           *
    106           * @param   none
    107           *
    108           * @return
    109           */

   \                                 In  segment BANKED_CODE, align 1, keep-with-next
    110          void osalTimerInit( void )
   \                     osalTimerInit:
    111          {
   \   000000   74F4         MOV     A,#-0xc
   \   000002   12....       LCALL   ?BANKED_ENTER_XDATA
   \   000005                ; Saved register size: 12
   \   000005                ; Auto size: 0
    112            osal_systemClock = 0;
   \   000005   90....       MOV     DPTR,#__Constant_0
   \   000008   78..         MOV     R0,#?V0 + 0
   \   00000A   12....       LCALL   ?L_MOV_X
   \   00000D   90....       MOV     DPTR,#osal_systemClock
   \   000010   78..         MOV     R0,#?V0 + 0
   \   000012   12....       LCALL   ?L_MOV_TO_X
    113          }
   \   000015   7F04         MOV     R7,#0x4
   \   000017   02....       LJMP    ?BANKED_LEAVE_XDATA
    114          
    115          /*********************************************************************
    116           * @fn      osalAddTimer
    117           *
    118           * @brief   Add a timer to the timer list.
    119           *          Ints must be disabled.
    120           *
    121           * @param   task_id
    122           * @param   event_flag
    123           * @param   timeout
    124           *
    125           * @return  osalTimerRec_t * - pointer to newly created timer
    126           */

   \                                 In  segment BANKED_CODE, align 1, keep-with-next
    127          osalTimerRec_t * osalAddTimer( uint8 task_id, uint16 event_flag, uint16 timeout )
   \                     osalAddTimer:
    128          {
   \   000000   74F2         MOV     A,#-0xe
   \   000002   12....       LCALL   ?BANKED_ENTER_XDATA
   \   000005                ; Saved register size: 14
   \   000005                ; Auto size: 0
   \   000005   89..         MOV     ?V0 + 2,R1
   \   000007   8A..         MOV     ?V0 + 0,R2
   \   000009   8B..         MOV     ?V0 + 1,R3
   \   00000B   EC           MOV     A,R4
   \   00000C   FE           MOV     R6,A
   \   00000D   ED           MOV     A,R5
   \   00000E   FF           MOV     R7,A
    129            osalTimerRec_t *newTimer;
    130            osalTimerRec_t *srchTimer;
    131          
    132            // Look for an existing timer first
    133            newTimer = osalFindTimer( task_id, event_flag );
   \   00000F                ; Setup parameters for call to function osalFindTimer
   \   00000F   12....       LCALL   ??osalFindTimer?relay
    134            if ( newTimer )
   \   000012   EA           MOV     A,R2
   \   000013   7001         JNZ     ??osalAddTimer_0
   \   000015   EB           MOV     A,R3
   \                     ??osalAddTimer_0:
   \   000016   600D         JZ      ??osalAddTimer_1
    135            {
    136              // Timer is found - update it.
    137              newTimer->timeout = timeout;
   \   000018   8A82         MOV     DPL,R2
   \   00001A   8B83         MOV     DPH,R3
   \   00001C   A3           INC     DPTR
   \   00001D   A3           INC     DPTR
   \   00001E   EE           MOV     A,R6
   \   00001F   F0           MOVX    @DPTR,A
   \   000020   A3           INC     DPTR
   \   000021   EF           MOV     A,R7
   \                     ??osalAddTimer_2:
   \   000022   F0           MOVX    @DPTR,A
    138          
    139              return ( newTimer );
   \   000023   8067         SJMP    ??osalAddTimer_3
    140            }
    141            else
    142            {
    143              // New Timer
    144              newTimer = osal_mem_alloc( sizeof( osalTimerRec_t ) );
   \                     ??osalAddTimer_1:
   \   000025                ; Setup parameters for call to function osal_mem_alloc
   \   000025   7A07         MOV     R2,#0x7
   \   000027   7B00         MOV     R3,#0x0
   \   000029   12....       LCALL   ??osal_mem_alloc?relay
    145          
    146              if ( newTimer )
   \   00002C   EA           MOV     A,R2
   \   00002D   7001         JNZ     ??osalAddTimer_4
   \   00002F   EB           MOV     A,R3
   \                     ??osalAddTimer_4:
   \   000030   6056         JZ      ??osalAddTimer_5
    147              {
    148                // Fill in new timer
    149                newTimer->task_id = task_id;
   \   000032   8A82         MOV     DPL,R2
   \   000034   8B83         MOV     DPH,R3
   \   000036   A3           INC     DPTR
   \   000037   A3           INC     DPTR
   \   000038   A3           INC     DPTR
   \   000039   A3           INC     DPTR
   \   00003A   A3           INC     DPTR
   \   00003B   A3           INC     DPTR
   \   00003C   E5..         MOV     A,?V0 + 2
   \   00003E   F0           MOVX    @DPTR,A
    150                newTimer->event_flag = event_flag;
   \   00003F   8A82         MOV     DPL,R2
   \   000041   8B83         MOV     DPH,R3
   \   000043   A3           INC     DPTR
   \   000044   A3           INC     DPTR
   \   000045   A3           INC     DPTR
   \   000046   A3           INC     DPTR
   \   000047   E5..         MOV     A,?V0 + 0
   \   000049   F0           MOVX    @DPTR,A
   \   00004A   A3           INC     DPTR
   \   00004B   E5..         MOV     A,?V0 + 1
   \   00004D   F0           MOVX    @DPTR,A
    151                newTimer->timeout = timeout;
   \   00004E   8A82         MOV     DPL,R2
   \   000050   8B83         MOV     DPH,R3
   \   000052   A3           INC     DPTR
   \   000053   A3           INC     DPTR
   \   000054   EE           MOV     A,R6
   \   000055   F0           MOVX    @DPTR,A
   \   000056   A3           INC     DPTR
   \   000057   EF           MOV     A,R7
   \   000058   F0           MOVX    @DPTR,A
    152                newTimer->next = (void *)NULL;
   \   000059   8A82         MOV     DPL,R2
   \   00005B   8B83         MOV     DPH,R3
   \   00005D   E4           CLR     A
   \   00005E   F0           MOVX    @DPTR,A
   \   00005F   A3           INC     DPTR
   \   000060   F0           MOVX    @DPTR,A
    153          
    154                // Does the timer list already exist
    155                if ( timerHead == NULL )
   \   000061   90....       MOV     DPTR,#timerHead
   \   000064   E0           MOVX    A,@DPTR
   \   000065   7002         JNZ     ??osalAddTimer_6
   \   000067   A3           INC     DPTR
   \   000068   E0           MOVX    A,@DPTR
   \                     ??osalAddTimer_6:
   \   000069   90....       MOV     DPTR,#timerHead
   \                     ??osalAddTimer_7:
   \   00006C   7006         JNZ     ??osalAddTimer_8
    156                {
    157                  // Start task list
    158                  timerHead = newTimer;
   \   00006E   EA           MOV     A,R2
   \   00006F   F0           MOVX    @DPTR,A
   \   000070   A3           INC     DPTR
   \   000071   EB           MOV     A,R3
   \   000072   80AE         SJMP    ??osalAddTimer_2
    159                }
    160                else
    161                {
    162                  // Add it to the end of the timer list
    163                  srchTimer = timerHead;
    164          
    165                  // Stop at the last record
    166                  while ( srchTimer->next )
    167                    srchTimer = srchTimer->next;
   \                     ??osalAddTimer_8:
   \   000074   E0           MOVX    A,@DPTR
   \   000075   F8           MOV     R0,A
   \   000076   A3           INC     DPTR
   \   000077   E0           MOVX    A,@DPTR
   \   000078   F9           MOV     R1,A
   \   000079   8882         MOV     DPL,R0
   \   00007B   8983         MOV     DPH,R1
   \   00007D   E0           MOVX    A,@DPTR
   \   00007E   7002         JNZ     ??osalAddTimer_9
   \   000080   A3           INC     DPTR
   \   000081   E0           MOVX    A,@DPTR
   \                     ??osalAddTimer_9:
   \   000082   8882         MOV     DPL,R0
   \   000084   8983         MOV     DPH,R1
   \   000086   80E4         SJMP    ??osalAddTimer_7
    168          
    169                  // Add to the list
    170                  srchTimer->next = newTimer;
    171                }
    172          
    173                return ( newTimer );
    174              }
    175              else
    176                return ( (osalTimerRec_t *)NULL );
   \                     ??osalAddTimer_5:
   \   000088   7A00         MOV     R2,#0x0
   \   00008A   7B00         MOV     R3,#0x0
   \                     ??osalAddTimer_3:
   \   00008C   7F06         MOV     R7,#0x6
   \   00008E   02....       LJMP    ?BANKED_LEAVE_XDATA
    177            }
    178          }
    179          
    180          /*********************************************************************
    181           * @fn      osalFindTimer
    182           *
    183           * @brief   Find a timer in a timer list.
    184           *          Ints must be disabled.
    185           *
    186           * @param   task_id
    187           * @param   event_flag
    188           *
    189           * @return  osalTimerRec_t *
    190           */

   \                                 In  segment BANKED_CODE, align 1, keep-with-next
    191          osalTimerRec_t *osalFindTimer( uint8 task_id, uint16 event_flag )
   \                     osalFindTimer:
    192          {
   \   000000   74F7         MOV     A,#-0x9
   \   000002   12....       LCALL   ?BANKED_ENTER_XDATA
   \   000005                ; Saved register size: 9
   \   000005                ; Auto size: 0
    193            osalTimerRec_t *srchTimer;
    194          
    195            // Head of the timer list
    196            srchTimer = timerHead;
   \   000005   90....       MOV     DPTR,#timerHead
   \   000008   8004         SJMP    ??osalFindTimer_0
    197          
    198            // Stop when found or at the end
    199            while ( srchTimer )
    200            {
    201              if ( srchTimer->event_flag == event_flag &&
    202                   srchTimer->task_id == task_id )
    203                break;
    204          
    205              // Not this one, check another
    206              srchTimer = srchTimer->next;
   \                     ??osalFindTimer_1:
   \   00000A   8C82         MOV     DPL,R4
   \   00000C   8D83         MOV     DPH,R5
   \                     ??osalFindTimer_0:
   \   00000E   E0           MOVX    A,@DPTR
   \   00000F   FC           MOV     R4,A
   \   000010   A3           INC     DPTR
   \   000011   E0           MOVX    A,@DPTR
   \   000012   FD           MOV     R5,A
   \   000013   EC           MOV     A,R4
   \   000014   7001         JNZ     ??osalFindTimer_2
   \   000016   ED           MOV     A,R5
   \                     ??osalFindTimer_2:
   \   000017   601F         JZ      ??osalFindTimer_3
   \   000019   8C82         MOV     DPL,R4
   \   00001B   8D83         MOV     DPH,R5
   \   00001D   A3           INC     DPTR
   \   00001E   A3           INC     DPTR
   \   00001F   A3           INC     DPTR
   \   000020   A3           INC     DPTR
   \   000021   E0           MOVX    A,@DPTR
   \   000022   6A           XRL     A,R2
   \   000023   7003         JNZ     ??osalFindTimer_4
   \   000025   A3           INC     DPTR
   \   000026   E0           MOVX    A,@DPTR
   \   000027   6B           XRL     A,R3
   \                     ??osalFindTimer_4:
   \   000028   70E0         JNZ     ??osalFindTimer_1
   \   00002A   8C82         MOV     DPL,R4
   \   00002C   8D83         MOV     DPH,R5
   \   00002E   A3           INC     DPTR
   \   00002F   A3           INC     DPTR
   \   000030   A3           INC     DPTR
   \   000031   A3           INC     DPTR
   \   000032   A3           INC     DPTR
   \   000033   A3           INC     DPTR
   \   000034   E0           MOVX    A,@DPTR
   \   000035   69           XRL     A,R1
   \   000036   70D2         JNZ     ??osalFindTimer_1
    207            }
    208          
    209            return ( srchTimer );
   \                     ??osalFindTimer_3:
   \   000038   EC           MOV     A,R4
   \   000039   FA           MOV     R2,A
   \   00003A   ED           MOV     A,R5
   \   00003B   FB           MOV     R3,A
   \   00003C   7F01         MOV     R7,#0x1
   \   00003E   02....       LJMP    ?BANKED_LEAVE_XDATA
    210          }
    211          
    212          /*********************************************************************
    213           * @fn      osalDeleteTimer
    214           *
    215           * @brief   Delete a timer from a timer list.
    216           *
    217           * @param   table
    218           * @param   rmTimer
    219           *
    220           * @return  none
    221           */

   \                                 In  segment BANKED_CODE, align 1, keep-with-next
    222          void osalDeleteTimer( osalTimerRec_t *rmTimer )
   \                     osalDeleteTimer:
    223          {
   \   000000   C082         PUSH    DPL
   \   000002   C083         PUSH    DPH
   \   000004                ; Saved register size: 2
   \   000004                ; Auto size: 0
    224            // Does the timer list really exist
    225            if ( rmTimer )
   \   000004   EA           MOV     A,R2
   \   000005   7001         JNZ     ??osalDeleteTimer_0
   \   000007   EB           MOV     A,R3
   \                     ??osalDeleteTimer_0:
   \   000008   600C         JZ      ??osalDeleteTimer_1
    226            {
    227              // Clear the event flag and osalTimerUpdate() will delete 
    228              // the timer from the list.
    229              rmTimer->event_flag = 0;
   \   00000A   8A82         MOV     DPL,R2
   \   00000C   8B83         MOV     DPH,R3
   \   00000E   A3           INC     DPTR
   \   00000F   A3           INC     DPTR
   \   000010   A3           INC     DPTR
   \   000011   A3           INC     DPTR
   \   000012   E4           CLR     A
   \   000013   F0           MOVX    @DPTR,A
   \   000014   A3           INC     DPTR
   \   000015   F0           MOVX    @DPTR,A
    230            }
    231          }
   \                     ??osalDeleteTimer_1:
   \   000016   D083         POP     DPH
   \   000018   D082         POP     DPL
   \   00001A   02....       LJMP    ?BRET
    232          
    233          /*********************************************************************
    234           * @fn      osal_start_timerEx
    235           *
    236           * @brief
    237           *
    238           *   This function is called to start a timer to expire in n mSecs.
    239           *   When the timer expires, the calling task will get the specified event.
    240           *
    241           * @param   uint8 taskID - task id to set timer for
    242           * @param   uint16 event_id - event to be notified with
    243           * @param   UNINT16 timeout_value - in milliseconds.
    244           *
    245           * @return  SUCCESS, or NO_TIMER_AVAIL.
    246           */

   \                                 In  segment BANKED_CODE, align 1, keep-with-next
    247          uint8 osal_start_timerEx( uint8 taskID, uint16 event_id, uint16 timeout_value )
   \                     osal_start_timerEx:
    248          {
   \   000000   74F6         MOV     A,#-0xa
   \   000002   12....       LCALL   ?BANKED_ENTER_XDATA
   \   000005                ; Saved register size: 10
   \   000005                ; Auto size: 0
    249            halIntState_t intState;
    250            osalTimerRec_t *newTimer;
    251          
    252            HAL_ENTER_CRITICAL_SECTION( intState );  // Hold off interrupts.
   \   000005   A2AF         MOV     C,0xa8.7
   \   000007   E4           CLR     A
   \   000008   92E0         MOV     0xE0 /* A   */.0,C
   \   00000A   FE           MOV     R6,A
   \   00000B   C2AF         CLR     0xa8.7
    253          
    254            // Add timer
    255            newTimer = osalAddTimer( taskID, event_id, timeout_value );
   \   00000D                ; Setup parameters for call to function osalAddTimer
   \   00000D   12....       LCALL   ??osalAddTimer?relay
    256          
    257            HAL_EXIT_CRITICAL_SECTION( intState );   // Re-enable interrupts.
   \   000010   EE           MOV     A,R6
   \   000011   A2E0         MOV     C,0xE0 /* A   */.0
   \   000013   92AF         MOV     0xa8.7,C
    258          
    259            return ( (newTimer != NULL) ? SUCCESS : NO_TIMER_AVAIL );
   \   000015   EA           MOV     A,R2
   \   000016   7001         JNZ     ??osal_start_timerEx_0
   \   000018   EB           MOV     A,R3
   \                     ??osal_start_timerEx_0:
   \   000019   6004         JZ      ??osal_start_timerEx_1
   \   00001B   7900         MOV     R1,#0x0
   \   00001D   8002         SJMP    ??osal_start_timerEx_2
   \                     ??osal_start_timerEx_1:
   \   00001F   7908         MOV     R1,#0x8
   \                     ??osal_start_timerEx_2:
   \   000021   7F02         MOV     R7,#0x2
   \   000023   02....       LJMP    ?BANKED_LEAVE_XDATA
   \   000026                REQUIRE _A_IEN0
    260          }
    261          
    262          /*********************************************************************
    263           * @fn      osal_stop_timerEx
    264           *
    265           * @brief
    266           *
    267           *   This function is called to stop a timer that has already been started.
    268           *   If ZSUCCESS, the function will cancel the timer and prevent the event
    269           *   associated with the timer from being set for the calling task.
    270           *
    271           * @param   uint8 task_id - task id of timer to stop
    272           * @param   uint16 event_id - identifier of the timer that is to be stopped
    273           *
    274           * @return  SUCCESS or INVALID_EVENT_ID
    275           */

   \                                 In  segment BANKED_CODE, align 1, keep-with-next
    276          uint8 osal_stop_timerEx( uint8 task_id, uint16 event_id )
   \                     osal_stop_timerEx:
    277          {
   \   000000   74F4         MOV     A,#-0xc
   \   000002   12....       LCALL   ?BANKED_ENTER_XDATA
   \   000005                ; Saved register size: 12
   \   000005                ; Auto size: 0
    278            halIntState_t intState;
    279            osalTimerRec_t *foundTimer;
    280          
    281            HAL_ENTER_CRITICAL_SECTION( intState );  // Hold off interrupts.
   \   000005   A2AF         MOV     C,0xa8.7
   \   000007   E4           CLR     A
   \   000008   92E0         MOV     0xE0 /* A   */.0,C
   \   00000A   F5..         MOV     ?V0 + 0,A
   \   00000C   C2AF         CLR     0xa8.7
    282          
    283            // Find the timer to stop
    284            foundTimer = osalFindTimer( task_id, event_id );
   \   00000E                ; Setup parameters for call to function osalFindTimer
   \   00000E   12....       LCALL   ??osalFindTimer?relay
   \   000011   8A..         MOV     ?V0 + 2,R2
   \   000013   8B..         MOV     ?V0 + 3,R3
   \   000015   AE..         MOV     R6,?V0 + 2
   \   000017   AF..         MOV     R7,?V0 + 3
    285            if ( foundTimer )
   \   000019   EE           MOV     A,R6
   \   00001A   7001         JNZ     ??osal_stop_timerEx_0
   \   00001C   EF           MOV     A,R7
   \                     ??osal_stop_timerEx_0:
   \   00001D   6003         JZ      ??osal_stop_timerEx_1
    286            {
    287              osalDeleteTimer( foundTimer );
   \   00001F                ; Setup parameters for call to function osalDeleteTimer
   \   00001F   12....       LCALL   ??osalDeleteTimer?relay
    288            }
    289          
    290            HAL_EXIT_CRITICAL_SECTION( intState );   // Re-enable interrupts.
   \                     ??osal_stop_timerEx_1:
   \   000022   E5..         MOV     A,?V0 + 0
   \   000024   A2E0         MOV     C,0xE0 /* A   */.0
   \   000026   92AF         MOV     0xa8.7,C
    291          
    292            return ( (foundTimer != NULL) ? SUCCESS : INVALID_EVENT_ID );
   \   000028   EE           MOV     A,R6
   \   000029   7001         JNZ     ??osal_stop_timerEx_2
   \   00002B   EF           MOV     A,R7
   \                     ??osal_stop_timerEx_2:
   \   00002C   6004         JZ      ??osal_stop_timerEx_3
   \   00002E   7900         MOV     R1,#0x0
   \   000030   8002         SJMP    ??osal_stop_timerEx_4
   \                     ??osal_stop_timerEx_3:
   \   000032   7906         MOV     R1,#0x6
   \                     ??osal_stop_timerEx_4:
   \   000034   7F04         MOV     R7,#0x4
   \   000036   02....       LJMP    ?BANKED_LEAVE_XDATA
   \   000039                REQUIRE _A_IEN0
    293          }
    294          
    295          /*********************************************************************
    296           * @fn      osal_get_timeoutEx
    297           *
    298           * @brief
    299           *
    300           * @param   uint8 task_id - task id of timer to check
    301           * @param   uint16 event_id - identifier of timer to be checked
    302           *
    303           * @return  Return the timer's tick count if found, zero otherwise.
    304           */

   \                                 In  segment BANKED_CODE, align 1, keep-with-next
    305          uint16 osal_get_timeoutEx( uint8 task_id, uint16 event_id )
   \                     osal_get_timeoutEx:
    306          {
   \   000000   74F4         MOV     A,#-0xc
   \   000002   12....       LCALL   ?BANKED_ENTER_XDATA
   \   000005                ; Saved register size: 12
   \   000005                ; Auto size: 0
    307            halIntState_t intState;
    308            uint16 rtrn = 0;
   \   000005   7E00         MOV     R6,#0x0
   \   000007   7F00         MOV     R7,#0x0
    309            osalTimerRec_t *tmr;
    310          
    311            HAL_ENTER_CRITICAL_SECTION( intState );  // Hold off interrupts.
   \   000009   A2AF         MOV     C,0xa8.7
   \   00000B   E4           CLR     A
   \   00000C   92E0         MOV     0xE0 /* A   */.0,C
   \   00000E   F5..         MOV     ?V0 + 0,A
   \   000010   C2AF         CLR     0xa8.7
    312          
    313            tmr = osalFindTimer( task_id, event_id );
   \   000012                ; Setup parameters for call to function osalFindTimer
   \   000012   12....       LCALL   ??osalFindTimer?relay
   \   000015   8A82         MOV     DPL,R2
   \   000017   8B83         MOV     DPH,R3
    314          
    315            if ( tmr )
   \   000019   E582         MOV     A,DPL
   \   00001B   7002         JNZ     ??osal_get_timeoutEx_0
   \   00001D   E583         MOV     A,DPH
   \                     ??osal_get_timeoutEx_0:
   \   00001F   6007         JZ      ??osal_get_timeoutEx_1
    316            {
    317              rtrn = tmr->timeout;
   \   000021   A3           INC     DPTR
   \   000022   A3           INC     DPTR
   \   000023   E0           MOVX    A,@DPTR
   \   000024   FE           MOV     R6,A
   \   000025   A3           INC     DPTR
   \   000026   E0           MOVX    A,@DPTR
   \   000027   FF           MOV     R7,A
    318            }
    319          
    320            HAL_EXIT_CRITICAL_SECTION( intState );   // Re-enable interrupts.
   \                     ??osal_get_timeoutEx_1:
   \   000028   E5..         MOV     A,?V0 + 0
   \   00002A   A2E0         MOV     C,0xE0 /* A   */.0
   \   00002C   92AF         MOV     0xa8.7,C
    321          
    322            return rtrn;
   \   00002E   EE           MOV     A,R6
   \   00002F   FA           MOV     R2,A
   \   000030   EF           MOV     A,R7
   \   000031   FB           MOV     R3,A
   \   000032   7F04         MOV     R7,#0x4
   \   000034   02....       LJMP    ?BANKED_LEAVE_XDATA
   \   000037                REQUIRE _A_IEN0
    323          }
    324          
    325          /*********************************************************************
    326           * @fn      osal_timer_num_active
    327           *
    328           * @brief
    329           *
    330           *   This function counts the number of active timers.
    331           *
    332           * @return  uint8 - number of timers
    333           */

   \                                 In  segment BANKED_CODE, align 1, keep-with-next
    334          uint8 osal_timer_num_active( void )
   \                     osal_timer_num_active:
    335          {
   \   000000   C082         PUSH    DPL
   \   000002   C083         PUSH    DPH
   \   000004                ; Saved register size: 2
   \   000004                ; Auto size: 0
    336            halIntState_t intState;
    337            uint8 num_timers = 0;
   \   000004   7900         MOV     R1,#0x0
    338            osalTimerRec_t *srchTimer;
    339          
    340            HAL_ENTER_CRITICAL_SECTION( intState );  // Hold off interrupts.
   \   000006   A2AF         MOV     C,0xa8.7
   \   000008   E4           CLR     A
   \   000009   92E0         MOV     0xE0 /* A   */.0,C
   \   00000B   FC           MOV     R4,A
   \   00000C   C2AF         CLR     0xa8.7
    341          
    342            // Head of the timer list
    343            srchTimer = timerHead;
   \   00000E   90....       MOV     DPTR,#timerHead
   \   000011   8001         SJMP    ??osal_timer_num_active_0
    344          
    345            // Count timers in the list
    346            while ( srchTimer != NULL )
    347            {
    348              num_timers++;
   \                     ??osal_timer_num_active_1:
   \   000013   09           INC     R1
    349              srchTimer = srchTimer->next;
   \                     ??osal_timer_num_active_0:
   \   000014   E0           MOVX    A,@DPTR
   \   000015   FA           MOV     R2,A
   \   000016   A3           INC     DPTR
   \   000017   E0           MOVX    A,@DPTR
   \   000018   FB           MOV     R3,A
   \   000019   8A82         MOV     DPL,R2
   \   00001B   8B83         MOV     DPH,R3
    350            }
   \   00001D   E582         MOV     A,DPL
   \   00001F   7002         JNZ     ??osal_timer_num_active_2
   \   000021   E583         MOV     A,DPH
   \                     ??osal_timer_num_active_2:
   \   000023   70EE         JNZ     ??osal_timer_num_active_1
    351          
    352            HAL_EXIT_CRITICAL_SECTION( intState );   // Re-enable interrupts.
   \   000025   EC           MOV     A,R4
   \   000026   A2E0         MOV     C,0xE0 /* A   */.0
   \   000028   92AF         MOV     0xa8.7,C
    353          
    354            return num_timers;
   \   00002A   D083         POP     DPH
   \   00002C   D082         POP     DPL
   \   00002E   02....       LJMP    ?BRET
   \   000031                REQUIRE _A_IEN0
    355          }
    356          
    357          /*********************************************************************
    358           * @fn      osalTimerUpdate
    359           *
    360           * @brief   Update the timer structures for a timer tick.
    361           *
    362           * @param   none
    363           *
    364           * @return  none
    365           *********************************************************************/

   \                                 In  segment BANKED_CODE, align 1, keep-with-next
    366          void osalTimerUpdate( uint16 updateTime )
   \                     osalTimerUpdate:
    367          {
   \   000000   74F2         MOV     A,#-0xe
   \   000002   12....       LCALL   ?BANKED_ENTER_XDATA
   \   000005                ; Saved register size: 14
   \   000005                ; Auto size: 0
   \   000005   EA           MOV     A,R2
   \   000006   FE           MOV     R6,A
   \   000007   EB           MOV     A,R3
   \   000008   FF           MOV     R7,A
    368            halIntState_t intState;
    369            osalTimerRec_t *srchTimer;
    370            osalTimerRec_t *prevTimer;
    371          
    372            HAL_ENTER_CRITICAL_SECTION( intState );  // Hold off interrupts.
   \   000009   A2AF         MOV     C,0xa8.7
   \   00000B   E4           CLR     A
   \   00000C   92E0         MOV     0xE0 /* A   */.0,C
   \   00000E   FA           MOV     R2,A
   \   00000F   C2AF         CLR     0xa8.7
    373            // Update the system time
    374            osal_systemClock += updateTime;
   \   000011   8E..         MOV     ?V0 + 0,R6
   \   000013   8F..         MOV     ?V0 + 1,R7
   \   000015   75..00       MOV     ?V0 + 2,#0x0
   \   000018   75..00       MOV     ?V0 + 3,#0x0
   \   00001B   90....       MOV     DPTR,#osal_systemClock
   \   00001E   78..         MOV     R0,#?V0 + 0
   \   000020   12....       LCALL   ?L_ADD_TO_X
    375            HAL_EXIT_CRITICAL_SECTION( intState );   // Re-enable interrupts.
   \   000023   EA           MOV     A,R2
   \   000024   A2E0         MOV     C,0xE0 /* A   */.0
   \   000026   92AF         MOV     0xa8.7,C
    376          
    377            // Look for open timer slot
    378            if ( timerHead != NULL )
   \   000028   90....       MOV     DPTR,#timerHead
   \   00002B   E0           MOVX    A,@DPTR
   \   00002C   7002         JNZ     ??osalTimerUpdate_0
   \   00002E   A3           INC     DPTR
   \   00002F   E0           MOVX    A,@DPTR
   \                     ??osalTimerUpdate_0:
   \   000030   7003         JNZ     $+5
   \   000032   02....       LJMP    ??osalTimerUpdate_1 & 0xFFFF
    379            {
    380              // Add it to the end of the timer list
    381              srchTimer = timerHead;
   \   000035   90....       MOV     DPTR,#timerHead
   \   000038   E0           MOVX    A,@DPTR
   \   000039   F5..         MOV     ?V0 + 0,A
   \   00003B   A3           INC     DPTR
   \   00003C   E0           MOVX    A,@DPTR
   \   00003D   F5..         MOV     ?V0 + 1,A
    382              prevTimer = (void *)NULL;
   \   00003F   75..00       MOV     ?V0 + 4,#0x0
   \   000042   75..00       MOV     ?V0 + 5,#0x0
   \   000045   8056         SJMP    ??osalTimerUpdate_2
    383          
    384              // Look for open timer slot
    385              while ( srchTimer )
    386              {
    387                osalTimerRec_t *freeTimer = NULL;
    388               
    389                HAL_ENTER_CRITICAL_SECTION( intState );  // Hold off interrupts.
    390                
    391                if (srchTimer->timeout <= updateTime)
    392                {
    393                  srchTimer->timeout = 0;
    394                }
    395                else
    396                {
    397                  srchTimer->timeout = srchTimer->timeout - updateTime;
    398                }
    399                
    400                // When timeout or delete (event_flag == 0)
    401                if ( srchTimer->timeout == 0 || srchTimer->event_flag == 0 )
    402                {
    403                  // Take out of list
    404                  if ( prevTimer == NULL )
    405                    timerHead = srchTimer->next;
    406                  else
    407                    prevTimer->next = srchTimer->next;
    408          
    409                  // Setup to free memory
    410                  freeTimer = srchTimer;
    411          
    412                  // Next
    413                  srchTimer = srchTimer->next;
    414                }
    415                else
    416                {
    417                  // Get next
    418                  prevTimer = srchTimer;
   \                     ??osalTimerUpdate_3:
   \   000047   85....       MOV     ?V0 + 4,?V0 + 0
   \   00004A   85....       MOV     ?V0 + 5,?V0 + 1
    419                  srchTimer = srchTimer->next;
   \                     ??osalTimerUpdate_4:
   \   00004D   85..82       MOV     DPL,?V0 + 0
   \   000050   85..83       MOV     DPH,?V0 + 1
   \   000053   E0           MOVX    A,@DPTR
   \   000054   F5..         MOV     ?V0 + 0,A
   \   000056   A3           INC     DPTR
   \   000057   E0           MOVX    A,@DPTR
   \   000058   F5..         MOV     ?V0 + 1,A
    420                }
    421                
    422                HAL_EXIT_CRITICAL_SECTION( intState );   // Re-enable interrupts.
   \   00005A   EA           MOV     A,R2
   \   00005B   A2E0         MOV     C,0xE0 /* A   */.0
   \   00005D   92AF         MOV     0xa8.7,C
    423                
    424                if ( freeTimer )
   \   00005F   E5..         MOV     A,?V0 + 2
   \   000061   7002         JNZ     ??osalTimerUpdate_5
   \   000063   E5..         MOV     A,?V0 + 3
   \                     ??osalTimerUpdate_5:
   \   000065   6036         JZ      ??osalTimerUpdate_2
    425                {
    426                  if ( freeTimer->timeout == 0 )
   \   000067   85..82       MOV     DPL,?V0 + 2
   \   00006A   85..83       MOV     DPH,?V0 + 3
   \   00006D   A3           INC     DPTR
   \   00006E   A3           INC     DPTR
   \   00006F   E0           MOVX    A,@DPTR
   \   000070   7002         JNZ     ??osalTimerUpdate_6
   \   000072   A3           INC     DPTR
   \   000073   E0           MOVX    A,@DPTR
   \                     ??osalTimerUpdate_6:
   \   000074   7020         JNZ     ??osalTimerUpdate_7
    427                  {
    428                    osal_set_event( freeTimer->task_id, freeTimer->event_flag );
   \   000076                ; Setup parameters for call to function osal_set_event
   \   000076   85..82       MOV     DPL,?V0 + 2
   \   000079   85..83       MOV     DPH,?V0 + 3
   \   00007C   A3           INC     DPTR
   \   00007D   A3           INC     DPTR
   \   00007E   A3           INC     DPTR
   \   00007F   A3           INC     DPTR
   \   000080   E0           MOVX    A,@DPTR
   \   000081   FA           MOV     R2,A
   \   000082   A3           INC     DPTR
   \   000083   E0           MOVX    A,@DPTR
   \   000084   FB           MOV     R3,A
   \   000085   85..82       MOV     DPL,?V0 + 2
   \   000088   85..83       MOV     DPH,?V0 + 3
   \   00008B   A3           INC     DPTR
   \   00008C   A3           INC     DPTR
   \   00008D   A3           INC     DPTR
   \   00008E   A3           INC     DPTR
   \   00008F   A3           INC     DPTR
   \   000090   A3           INC     DPTR
   \   000091   E0           MOVX    A,@DPTR
   \   000092   F9           MOV     R1,A
   \   000093   12....       LCALL   ??osal_set_event?relay
    429                  }
    430                  osal_mem_free( freeTimer );
   \                     ??osalTimerUpdate_7:
   \   000096                ; Setup parameters for call to function osal_mem_free
   \   000096   AA..         MOV     R2,?V0 + 2
   \   000098   AB..         MOV     R3,?V0 + 3
   \   00009A   12....       LCALL   ??osal_mem_free?relay
    431                }
   \                     ??osalTimerUpdate_2:
   \   00009D   E5..         MOV     A,?V0 + 0
   \   00009F   7002         JNZ     ??osalTimerUpdate_8
   \   0000A1   E5..         MOV     A,?V0 + 1
   \                     ??osalTimerUpdate_8:
   \   0000A3   7003         JNZ     $+5
   \   0000A5   02....       LJMP    ??osalTimerUpdate_1 & 0xFFFF
   \   0000A8   75..00       MOV     ?V0 + 2,#0x0
   \   0000AB   75..00       MOV     ?V0 + 3,#0x0
   \   0000AE   A2AF         MOV     C,0xa8.7
   \   0000B0   E4           CLR     A
   \   0000B1   92E0         MOV     0xE0 /* A   */.0,C
   \   0000B3   FA           MOV     R2,A
   \   0000B4   C2AF         CLR     0xa8.7
   \   0000B6   E5..         MOV     A,?V0 + 0
   \   0000B8   2402         ADD     A,#0x2
   \   0000BA   F8           MOV     R0,A
   \   0000BB   E5..         MOV     A,?V0 + 1
   \   0000BD   3400         ADDC    A,#0x0
   \   0000BF   F9           MOV     R1,A
   \   0000C0   8882         MOV     DPL,R0
   \   0000C2   8983         MOV     DPH,R1
   \   0000C4   E0           MOVX    A,@DPTR
   \   0000C5   FC           MOV     R4,A
   \   0000C6   A3           INC     DPTR
   \   0000C7   E0           MOVX    A,@DPTR
   \   0000C8   FD           MOV     R5,A
   \   0000C9   C3           CLR     C
   \   0000CA   EE           MOV     A,R6
   \   0000CB   9C           SUBB    A,R4
   \   0000CC   EF           MOV     A,R7
   \   0000CD   9D           SUBB    A,R5
   \   0000CE   8882         MOV     DPL,R0
   \   0000D0   8983         MOV     DPH,R1
   \   0000D2   4005         JC      ??osalTimerUpdate_9
   \   0000D4   E4           CLR     A
   \   0000D5   F0           MOVX    @DPTR,A
   \   0000D6   A3           INC     DPTR
   \   0000D7   8007         SJMP    ??osalTimerUpdate_10
   \                     ??osalTimerUpdate_9:
   \   0000D9   C3           CLR     C
   \   0000DA   E0           MOVX    A,@DPTR
   \   0000DB   9E           SUBB    A,R6
   \   0000DC   F0           MOVX    @DPTR,A
   \   0000DD   A3           INC     DPTR
   \   0000DE   E0           MOVX    A,@DPTR
   \   0000DF   9F           SUBB    A,R7
   \                     ??osalTimerUpdate_10:
   \   0000E0   F0           MOVX    @DPTR,A
   \   0000E1   8882         MOV     DPL,R0
   \   0000E3   8983         MOV     DPH,R1
   \   0000E5   E0           MOVX    A,@DPTR
   \   0000E6   7002         JNZ     ??osalTimerUpdate_11
   \   0000E8   A3           INC     DPTR
   \   0000E9   E0           MOVX    A,@DPTR
   \                     ??osalTimerUpdate_11:
   \   0000EA   6014         JZ      ??osalTimerUpdate_12
   \   0000EC   85..82       MOV     DPL,?V0 + 0
   \   0000EF   85..83       MOV     DPH,?V0 + 1
   \   0000F2   A3           INC     DPTR
   \   0000F3   A3           INC     DPTR
   \   0000F4   A3           INC     DPTR
   \   0000F5   A3           INC     DPTR
   \   0000F6   E0           MOVX    A,@DPTR
   \   0000F7   7002         JNZ     ??osalTimerUpdate_13
   \   0000F9   A3           INC     DPTR
   \   0000FA   E0           MOVX    A,@DPTR
   \                     ??osalTimerUpdate_13:
   \   0000FB   6003         JZ      $+5
   \   0000FD   02....       LJMP    ??osalTimerUpdate_3 & 0xFFFF
   \                     ??osalTimerUpdate_12:
   \   000100   E5..         MOV     A,?V0 + 4
   \   000102   7002         JNZ     ??osalTimerUpdate_14
   \   000104   E5..         MOV     A,?V0 + 5
   \                     ??osalTimerUpdate_14:
   \   000106   85..82       MOV     DPL,?V0 + 0
   \   000109   85..83       MOV     DPH,?V0 + 1
   \   00010C   700A         JNZ     ??osalTimerUpdate_15
   \   00010E   E0           MOVX    A,@DPTR
   \   00010F   F8           MOV     R0,A
   \   000110   A3           INC     DPTR
   \   000111   E0           MOVX    A,@DPTR
   \   000112   F9           MOV     R1,A
   \   000113   90....       MOV     DPTR,#timerHead
   \   000116   800B         SJMP    ??osalTimerUpdate_16
   \                     ??osalTimerUpdate_15:
   \   000118   E0           MOVX    A,@DPTR
   \   000119   F8           MOV     R0,A
   \   00011A   A3           INC     DPTR
   \   00011B   E0           MOVX    A,@DPTR
   \   00011C   F9           MOV     R1,A
   \   00011D   85..82       MOV     DPL,?V0 + 4
   \   000120   85..83       MOV     DPH,?V0 + 5
   \                     ??osalTimerUpdate_16:
   \   000123   E8           MOV     A,R0
   \   000124   F0           MOVX    @DPTR,A
   \   000125   A3           INC     DPTR
   \   000126   E9           MOV     A,R1
   \   000127   F0           MOVX    @DPTR,A
   \   000128   85....       MOV     ?V0 + 2,?V0 + 0
   \   00012B   85....       MOV     ?V0 + 3,?V0 + 1
   \   00012E   02....       LJMP    ??osalTimerUpdate_4 & 0xFFFF
    432              }
    433            }
    434          }
   \                     ??osalTimerUpdate_1:
   \   000131   7F06         MOV     R7,#0x6
   \   000133   02....       LJMP    ?BANKED_LEAVE_XDATA
   \   000136                REQUIRE _A_IEN0
    435          
    436          #ifdef POWER_SAVING
    437          /*********************************************************************
    438           * @fn      osal_adjust_timers
    439           *
    440           * @brief   Update the timer structures for elapsed ticks.
    441           *
    442           * @param   none
    443           *
    444           * @return  none
    445           *********************************************************************/
    446          void osal_adjust_timers( void )
    447          {
    448            uint16 eTime;
    449          
    450            if ( timerHead != NULL )
    451            {
    452              // Compute elapsed time (msec)
    453              eTime = TimerElapsed() /  TICK_COUNT;
    454          
    455              if ( eTime )
    456                osalTimerUpdate( eTime );
    457            }
    458          }
    459          
    460          /*********************************************************************
    461           * @fn      osal_next_timeout
    462           *
    463           * @brief
    464           *
    465           *   Search timer table to return the lowest timeout value. If the
    466           *   timer list is empty, then the returned timeout will be zero.
    467           *
    468           * @param   none
    469           *
    470           * @return  none
    471           *********************************************************************/
    472          uint16 osal_next_timeout( void )
    473          {
    474            uint16 nextTimeout;
    475            osalTimerRec_t *srchTimer;
    476          
    477            if ( timerHead != NULL )
    478            {
    479              // Head of the timer list
    480              srchTimer = timerHead;
    481              nextTimeout = OSAL_TIMERS_MAX_TIMEOUT;
    482          
    483              // Look for the next timeout timer
    484              while ( srchTimer != NULL )
    485              {
    486                if (srchTimer->timeout < nextTimeout)
    487                {
    488                  nextTimeout = srchTimer->timeout;
    489                }
    490                // Check next timer
    491                srchTimer = srchTimer->next;
    492              }
    493            }
    494            else
    495            {
    496              // No timers
    497              nextTimeout = 0;
    498            }
    499          
    500            return ( nextTimeout );
    501          }
    502          #endif // POWER_SAVING
    503          
    504          /*********************************************************************
    505           * @fn      osal_GetSystemClock()
    506           *
    507           * @brief   Read the local system clock.
    508           *
    509           * @param   none
    510           *
    511           * @return  local clock in milliseconds
    512           */

   \                                 In  segment BANKED_CODE, align 1, keep-with-next
    513          uint32 osal_GetSystemClock( void )
   \                     osal_GetSystemClock:
    514          {
   \   000000   74F4         MOV     A,#-0xc
   \   000002   12....       LCALL   ?BANKED_ENTER_XDATA
   \   000005                ; Saved register size: 12
   \   000005                ; Auto size: 0
    515            return ( osal_systemClock );
   \   000005   90....       MOV     DPTR,#osal_systemClock
   \   000008   78..         MOV     R0,#?V0 + 0
   \   00000A   12....       LCALL   ?L_MOV_X
   \   00000D   AA..         MOV     R2,?V0 + 0
   \   00000F   AB..         MOV     R3,?V0 + 1
   \   000011   AC..         MOV     R4,?V0 + 2
   \   000013   AD..         MOV     R5,?V0 + 3
   \   000015   7F04         MOV     R7,#0x4
   \   000017   02....       LJMP    ?BANKED_LEAVE_XDATA
    516          }

   \                                 In  segment XDATA_ROM_C, align 1
   \                     __Constant_0:
   \   000000   00000000     DD 0

   \                                 In  segment BANK_RELAYS, align 1
   \                     ??osalTimerInit?relay:
   \   000000   12....       LCALL   ?BDISPATCH
   \   000003   ......       DC24    osalTimerInit

   \                                 In  segment BANK_RELAYS, align 1
   \                     ??osalAddTimer?relay:
   \   000000   12....       LCALL   ?BDISPATCH
   \   000003   ......       DC24    osalAddTimer

   \                                 In  segment BANK_RELAYS, align 1
   \                     ??osalFindTimer?relay:
   \   000000   12....       LCALL   ?BDISPATCH
   \   000003   ......       DC24    osalFindTimer

   \                                 In  segment BANK_RELAYS, align 1
   \                     ??osalDeleteTimer?relay:
   \   000000   12....       LCALL   ?BDISPATCH
   \   000003   ......       DC24    osalDeleteTimer

   \                                 In  segment BANK_RELAYS, align 1
   \                     ??osal_start_timerEx?relay:
   \   000000   12....       LCALL   ?BDISPATCH
   \   000003   ......       DC24    osal_start_timerEx

   \                                 In  segment BANK_RELAYS, align 1
   \                     ??osal_stop_timerEx?relay:
   \   000000   12....       LCALL   ?BDISPATCH
   \   000003   ......       DC24    osal_stop_timerEx

   \                                 In  segment BANK_RELAYS, align 1
   \                     ??osal_get_timeoutEx?relay:
   \   000000   12....       LCALL   ?BDISPATCH
   \   000003   ......       DC24    osal_get_timeoutEx

   \                                 In  segment BANK_RELAYS, align 1
   \                     ??osal_timer_num_active?relay:
   \   000000   12....       LCALL   ?BDISPATCH
   \   000003   ......       DC24    osal_timer_num_active

   \                                 In  segment BANK_RELAYS, align 1
   \                     ??osalTimerUpdate?relay:
   \   000000   12....       LCALL   ?BDISPATCH
   \   000003   ......       DC24    osalTimerUpdate

   \                                 In  segment BANK_RELAYS, align 1
   \                     ??osal_GetSystemClock?relay:
   \   000000   12....       LCALL   ?BDISPATCH
   \   000003   ......       DC24    osal_GetSystemClock
    517          
    518          /*********************************************************************
    519          *********************************************************************/

   Maximum stack usage in bytes:

     Function              ISTACK PSTACK XSTACK
     --------              ------ ------ ------
     osalAddTimer              1      0     24
       -> osalFindTimer        0      0     28
       -> osal_mem_alloc       0      0     28
     osalDeleteTimer           2      0     12
     osalFindTimer             0      0     23
     osalTimerInit             0      0     12
     osalTimerUpdate           0      0     14
       -> osal_set_event       0      0     28
       -> osal_mem_free        0      0     28
     osal_GetSystemClock       0      0     12
     osal_get_timeoutEx        0      0     12
       -> osalFindTimer        0      0     24
     osal_start_timerEx        0      0     10
       -> osalAddTimer         0      0     20
     osal_stop_timerEx         0      0     12
       -> osalFindTimer        0      0     24
       -> osalDeleteTimer      0      0     24
     osal_timer_num_active     2      0      0


   Segment part sizes:

     Function/Label                Bytes
     --------------                -----
     _A_IEN0                          1
     timerHead                        2
     osal_systemClock                 4
     osalTimerInit                   26
     osalAddTimer                   145
     osalFindTimer                   65
     osalDeleteTimer                 29
     osal_start_timerEx              38
     osal_stop_timerEx               57
     osal_get_timeoutEx              55
     osal_timer_num_active           49
     osalTimerUpdate                310
     osal_GetSystemClock             26
     __Constant_0                     4
     ??osalTimerInit?relay            6
     ??osalAddTimer?relay             6
     ??osalFindTimer?relay            6
     ??osalDeleteTimer?relay          6
     ??osal_start_timerEx?relay       6
     ??osal_stop_timerEx?relay        6
     ??osal_get_timeoutEx?relay       6
     ??osal_timer_num_active?relay    6
     ??osalTimerUpdate?relay          6
     ??osal_GetSystemClock?relay      6

 
 800 bytes in segment BANKED_CODE
  60 bytes in segment BANK_RELAYS
   1 byte  in segment SFR_AN
   4 bytes in segment XDATA_ROM_C
   6 bytes in segment XDATA_Z
 
 860 bytes of CODE  memory
   0 bytes of CONST memory (+ 4 bytes shared)
   0 bytes of DATA  memory (+ 1 byte  shared)
   6 bytes of XDATA memory

Errors: none
Warnings: none
